/home/mcculler/local/home_sync/projects/cas9epics/cas9epics/lab_setups/MIT/LASTI/burt/m1SQZLOELF_burt_20180503_120000.snap