/home/mcculler/local/home_sync/projects/cas9epics/cas9epics/lab_setups/MIT/LASTI/burt/m1SQZCLFALF_burt_20180427_120000.snap