--- Start BURT header
Time: 
Login ID: 
Eff  UID: 
Group ID: 
Keywords:
Comments: 
Type:   
Directory 
Req File: 
--- End BURT header
M1:TEST-TEST2_VAL 1 39.0
M1:TEST-TEST_VAL 1 1.0
