/home/mcculler/local/home_sync/projects/cas9epics/test/burt/m1testRVbasic_burt_20180425_200000.snap